.next/types/validator.ts(260,39): error TS2307: Cannot find module '../../src/app/api/deleteProduct/[id]/route.js' or its corresponding type declarations.
src/app/actions/auth.ts(43,22): error TS2339: Property 'role' does not exist on type '{ password: string; id: number; email: string; name: string; }'.
src/app/actions/auth.ts(53,27): error TS2339: Property 'role' does not exist on type 'User | AdapterUser'.
  Property 'role' does not exist on type 'User'.
src/app/actions/auth.ts(59,22): error TS2339: Property 'id' does not exist on type '{ name?: string | null | undefined; email?: string | null | undefined; image?: string | null | undefined; }'.
src/app/admin/_components/AdminSidebar.client.tsx(6,10): error TS2305: Module '"@/app/actions/auth"' has no exported member 'logout'.
src/app/admin/login/page.tsx(6,10): error TS2305: Module '"@/app/actions/auth"' has no exported member 'login'.
src/app/admin/login/page.tsx(83,29): error TS2339: Property 'error' does not exist on type 'never'.
src/app/admin/login/page.tsx(86,40): error TS2339: Property 'error' does not exist on type 'never'.
