src/app/admin/_components/AdminSidebar.client.tsx(7,29): error TS7016: Could not find a declaration file for module 'lucide-react/dist/esm/icons/layout-dashboard'. 'C:/Dev/FoneHouse/node_modules/lucide-react/dist/esm/icons/layout-dashboard.js' implicitly has an 'any' type.
  If the 'lucide-react' package actually exposes this module, try adding a new declaration (.d.ts) file containing `declare module 'lucide-react/dist/esm/icons/layout-dashboard';`
src/app/admin/_components/AdminSidebar.client.tsx(8,20): error TS7016: Could not find a declaration file for module 'lucide-react/dist/esm/icons/log-out'. 'C:/Dev/FoneHouse/node_modules/lucide-react/dist/esm/icons/log-out.js' implicitly has an 'any' type.
  If the 'lucide-react' package actually exposes this module, try adding a new declaration (.d.ts) file containing `declare module 'lucide-react/dist/esm/icons/log-out';`
src/app/admin/_components/AdminSidebar.client.tsx(9,19): error TS7016: Could not find a declaration file for module 'lucide-react/dist/esm/icons/users'. 'C:/Dev/FoneHouse/node_modules/lucide-react/dist/esm/icons/users.js' implicitly has an 'any' type.
  If the 'lucide-react' package actually exposes this module, try adding a new declaration (.d.ts) file containing `declare module 'lucide-react/dist/esm/icons/users';`
src/app/admin/_components/AdminSidebar.client.tsx(10,22): error TS7016: Could not find a declaration file for module 'lucide-react/dist/esm/icons/file-text'. 'C:/Dev/FoneHouse/node_modules/lucide-react/dist/esm/icons/file-text.js' implicitly has an 'any' type.
  If the 'lucide-react' package actually exposes this module, try adding a new declaration (.d.ts) file containing `declare module 'lucide-react/dist/esm/icons/file-text';`
src/app/admin/_components/AdminSidebar.client.tsx(11,18): error TS7016: Could not find a declaration file for module 'lucide-react/dist/esm/icons/menu'. 'C:/Dev/FoneHouse/node_modules/lucide-react/dist/esm/icons/menu.js' implicitly has an 'any' type.
  If the 'lucide-react' package actually exposes this module, try adding a new declaration (.d.ts) file containing `declare module 'lucide-react/dist/esm/icons/menu';`
src/app/admin/_components/AdminSidebar.client.tsx(12,15): error TS7016: Could not find a declaration file for module 'lucide-react/dist/esm/icons/x'. 'C:/Dev/FoneHouse/node_modules/lucide-react/dist/esm/icons/x.js' implicitly has an 'any' type.
  If the 'lucide-react' package actually exposes this module, try adding a new declaration (.d.ts) file containing `declare module 'lucide-react/dist/esm/icons/x';`
src/app/admin/_components/AdminSidebar.client.tsx(13,25): error TS7016: Could not find a declaration file for module 'lucide-react/dist/esm/icons/shopping-bag'. 'C:/Dev/FoneHouse/node_modules/lucide-react/dist/esm/icons/shopping-bag.js' implicitly has an 'any' type.
  If the 'lucide-react' package actually exposes this module, try adding a new declaration (.d.ts) file containing `declare module 'lucide-react/dist/esm/icons/shopping-bag';`
src/app/admin/page.tsx(2,24): error TS7016: Could not find a declaration file for module 'lucide-react/dist/esm/icons/dollar-sign'. 'C:/Dev/FoneHouse/node_modules/lucide-react/dist/esm/icons/dollar-sign.js' implicitly has an 'any' type.
  If the 'lucide-react' package actually exposes this module, try adding a new declaration (.d.ts) file containing `declare module 'lucide-react/dist/esm/icons/dollar-sign';`
src/app/admin/page.tsx(3,19): error TS7016: Could not find a declaration file for module 'lucide-react/dist/esm/icons/users'. 'C:/Dev/FoneHouse/node_modules/lucide-react/dist/esm/icons/users.js' implicitly has an 'any' type.
  If the 'lucide-react' package actually exposes this module, try adding a new declaration (.d.ts) file containing `declare module 'lucide-react/dist/esm/icons/users';`
src/app/admin/page.tsx(4,25): error TS7016: Could not find a declaration file for module 'lucide-react/dist/esm/icons/shopping-bag'. 'C:/Dev/FoneHouse/node_modules/lucide-react/dist/esm/icons/shopping-bag.js' implicitly has an 'any' type.
  If the 'lucide-react' package actually exposes this module, try adding a new declaration (.d.ts) file containing `declare module 'lucide-react/dist/esm/icons/shopping-bag';`
src/app/admin/page.tsx(5,22): error TS7016: Could not find a declaration file for module 'lucide-react/dist/esm/icons/activity'. 'C:/Dev/FoneHouse/node_modules/lucide-react/dist/esm/icons/activity.js' implicitly has an 'any' type.
  If the 'lucide-react' package actually exposes this module, try adding a new declaration (.d.ts) file containing `declare module 'lucide-react/dist/esm/icons/activity';`
src/app/admin/products/_components/ProductsFilters.client.tsx(3,20): error TS7016: Could not find a declaration file for module 'lucide-react/dist/esm/icons/search'. 'C:/Dev/FoneHouse/node_modules/lucide-react/dist/esm/icons/search.js' implicitly has an 'any' type.
  If the 'lucide-react' package actually exposes this module, try adding a new declaration (.d.ts) file containing `declare module 'lucide-react/dist/esm/icons/search';`
src/app/admin/products/_components/ProductsFilters.client.tsx(4,20): error TS7016: Could not find a declaration file for module 'lucide-react/dist/esm/icons/filter'. 'C:/Dev/FoneHouse/node_modules/lucide-react/dist/esm/icons/filter.js' implicitly has an 'any' type.
  If the 'lucide-react' package actually exposes this module, try adding a new declaration (.d.ts) file containing `declare module 'lucide-react/dist/esm/icons/filter';`
src/app/admin/products/_components/ProductsHeader.tsx(2,18): error TS7016: Could not find a declaration file for module 'lucide-react/dist/esm/icons/plus'. 'C:/Dev/FoneHouse/node_modules/lucide-react/dist/esm/icons/plus.js' implicitly has an 'any' type.
  If the 'lucide-react' package actually exposes this module, try adding a new declaration (.d.ts) file containing `declare module 'lucide-react/dist/esm/icons/plus';`
src/app/admin/products/_components/ProductsMobileTable.client.tsx(4,18): error TS7016: Could not find a declaration file for module 'lucide-react/dist/esm/icons/edit'. 'C:/Dev/FoneHouse/node_modules/lucide-react/dist/esm/icons/edit.js' implicitly has an 'any' type.
  If the 'lucide-react' package actually exposes this module, try adding a new declaration (.d.ts) file containing `declare module 'lucide-react/dist/esm/icons/edit';`
src/app/admin/products/_components/ProductsMobileTable.client.tsx(5,19): error TS7016: Could not find a declaration file for module 'lucide-react/dist/esm/icons/trash'. 'C:/Dev/FoneHouse/node_modules/lucide-react/dist/esm/icons/trash.js' implicitly has an 'any' type.
  If the 'lucide-react' package actually exposes this module, try adding a new declaration (.d.ts) file containing `declare module 'lucide-react/dist/esm/icons/trash';`
src/app/admin/products/_components/ProductsMobileTable.client.tsx(6,26): error TS7016: Could not find a declaration file for module 'lucide-react/dist/esm/icons/more-vertical'. 'C:/Dev/FoneHouse/node_modules/lucide-react/dist/esm/icons/more-vertical.js' implicitly has an 'any' type.
  If the 'lucide-react' package actually exposes this module, try adding a new declaration (.d.ts) file containing `declare module 'lucide-react/dist/esm/icons/more-vertical';`
src/app/admin/products/add/_components/AddProductForm.client.tsx(6,20): error TS7016: Could not find a declaration file for module 'lucide-react/dist/esm/icons/upload'. 'C:/Dev/FoneHouse/node_modules/lucide-react/dist/esm/icons/upload.js' implicitly has an 'any' type.
  If the 'lucide-react' package actually exposes this module, try adding a new declaration (.d.ts) file containing `declare module 'lucide-react/dist/esm/icons/upload';`
src/app/admin/products/edit/[id]/_components/EditProductForm.client.tsx(6,20): error TS7016: Could not find a declaration file for module 'lucide-react/dist/esm/icons/upload'. 'C:/Dev/FoneHouse/node_modules/lucide-react/dist/esm/icons/upload.js' implicitly has an 'any' type.
  If the 'lucide-react' package actually exposes this module, try adding a new declaration (.d.ts) file containing `declare module 'lucide-react/dist/esm/icons/upload';`
src/app/admin/users/page.tsx(2,18): error TS7016: Could not find a declaration file for module 'lucide-react/dist/esm/icons/mail'. 'C:/Dev/FoneHouse/node_modules/lucide-react/dist/esm/icons/mail.js' implicitly has an 'any' type.
  If the 'lucide-react' package actually exposes this module, try adding a new declaration (.d.ts) file containing `declare module 'lucide-react/dist/esm/icons/mail';`
src/app/admin/users/page.tsx(3,19): error TS7016: Could not find a declaration file for module 'lucide-react/dist/esm/icons/phone'. 'C:/Dev/FoneHouse/node_modules/lucide-react/dist/esm/icons/phone.js' implicitly has an 'any' type.
  If the 'lucide-react' package actually exposes this module, try adding a new declaration (.d.ts) file containing `declare module 'lucide-react/dist/esm/icons/phone';`
src/app/admin/users/page.tsx(4,22): error TS7016: Could not find a declaration file for module 'lucide-react/dist/esm/icons/calendar'. 'C:/Dev/FoneHouse/node_modules/lucide-react/dist/esm/icons/calendar.js' implicitly has an 'any' type.
  If the 'lucide-react' package actually exposes this module, try adding a new declaration (.d.ts) file containing `declare module 'lucide-react/dist/esm/icons/calendar';`
src/app/admin/users/page.tsx(5,26): error TS7016: Could not find a declaration file for module 'lucide-react/dist/esm/icons/more-vertical'. 'C:/Dev/FoneHouse/node_modules/lucide-react/dist/esm/icons/more-vertical.js' implicitly has an 'any' type.
  If the 'lucide-react' package actually exposes this module, try adding a new declaration (.d.ts) file containing `declare module 'lucide-react/dist/esm/icons/more-vertical';`
src/app/admin/users/page.tsx(6,20): error TS7016: Could not find a declaration file for module 'lucide-react/dist/esm/icons/search'. 'C:/Dev/FoneHouse/node_modules/lucide-react/dist/esm/icons/search.js' implicitly has an 'any' type.
  If the 'lucide-react' package actually exposes this module, try adding a new declaration (.d.ts) file containing `declare module 'lucide-react/dist/esm/icons/search';`
src/app/admin/users/page.tsx(7,18): error TS7016: Could not find a declaration file for module 'lucide-react/dist/esm/icons/user'. 'C:/Dev/FoneHouse/node_modules/lucide-react/dist/esm/icons/user.js' implicitly has an 'any' type.
  If the 'lucide-react' package actually exposes this module, try adding a new declaration (.d.ts) file containing `declare module 'lucide-react/dist/esm/icons/user';`
