src/app/admin/products/edit/[id]/page.tsx(28,11): error TS2739: Type '{ name: string; description: string; price: number; category: string; brand: string; stock: number; isInStock: boolean; img: string; images: string[]; specifications: any; }' is missing the following properties from type '{ name: string; price: number; category: string; brand: string; stock: number; isInStock: boolean; img: any; warrantyYears: number; shipping: "FREE" | "PAID"; description?: string | null | undefined; images?: any; specifications?: string[] | ... 2 more ... | undefined; }': warrantyYears, shipping
